Ww, Ww, Ww, Ww, Ai, Ms, Ms, Ms, Ql, Ql, Ql, Ql, Ql, Ql, Mm, Mm, Mm, Mm, Mm, Mm, Mm, Mm
Ww, Ww, Ai, Ai, Mm, Ms, Ms, Ms, Ha, Ql, Ql, Ql, Ql, Mm, Mm, Mm, Mm, Mm, Mm, Mm, Mm, Mm
Ai, Ai, Mm, Mm, Ms, Ms, Ha, Ha, Aa, Uh, Mv, Ql, Hh, Hh, Hh, Mm, Mm, Mm, Mm, Mm, Mm, Mm
Ms, Mm, Ms, Ms, Ha, Ha, Aa, Aa, Aa, Uh, Uh, Uh, Gs^Fp, Hh, Hh, Hh, Hh, Mm, Mm, Mm, Mm, Mm
Ms, Ms, Ha, Ha, Aa, Aa, Aa^Fpa, Aa^Fda, Aa, Uu^Emf, Volcano Uu, Uu^Uf, Gs^Fp, Gs^Fp, Gs^Fp, Hh, Hh, Hh, Hh, Mm, Mm, Mm
Ha, Ha, Aa, Aa, Aa^Fpa, Aa^Fpa, Aa^Fpa, Aa^Fpa, Aa, Uu^Emf, Ur, Uu^Uf, Gs^Fp, Gs^Fp, Gs^Fp, Gs^Fp, Gs^Fp, Hh, Hh, Hh, Hh, Mm
Aa, Aa, Aa^Fda, Aa^Fda, Aa^Fpa, Aa^Fpa, Aa^Fpa, Aa^Fpa, Aa, Uu, Cave Uu^Vu, Uu, Gs^Fp, Gs^Fp, Gs^Fp, Gs^Fp, Gs^Fp, Gs^Fp, Gs^Fp, Hh, Hh, Hh
Aa^Fda, Aa^Fda, Aa^Fpa, Aa^Fpa, Aa^Fpa, Aa^Fpa, Aa^Fpa, Aa^Fpa, Aa, Uu, Ur, Uu, Gs^Fp, Gs^Fp, Gg, Gs^Fp, Gs^Fp, Gs^Fp, Gs^Fp, Gs^Fp, Gs^Fp, Hh
Aa, Aa^Fda, Aa^Fpa, Aa^Fpa, Aa^Fpa, Aa^Fpa, Winter Aa^Vha, Aa^Fpa, Aa, Uu, Ur, Uu, Gg, Gg, Plain Gg^Ve, Gg, Gs^Fp, Gs^Fp, Gs^Fp, Gs^Fp, Gs^Fp, Gs^Fp
Aa, Aa, Aa, Aa, Aa, Aa^Fpa, Aa, Re, Re, Gg, Rrc, Gg, Rr, Rr, Gg, Gs^Fp, Gs^Fp, Gs^Fp, Gs^Fp, Gs^Fp, Gs^Fp, Gs^Fp
Gg, Gg, Gg, Gg, Gg, Gg, Gg, Gg, Rp, Ch, 1 Kh, Ch, Rp, Gg, Gs, Gg, Gs, Gg, Gs, Gg, Gs, Gg
Ss, Ss, Ss, Ss, Ss, Ss, Ss, Ss, Rb, Ch, Rp, Ch, Rd, Gd, Dd, Gs, Dd, Gs, Dd, Gd, Dd^Do, Ds
Ss, Ss, Gs^Ft, Ss, Ss, Ss, Marsh Ss^Vhs, Rb, WCII Gg, Gg, Gg, Gg, Sigurd Gg, Rd, Desert Dd^Vda, Dd, Dd, Dd, Dd, Ds, Ds, Ds
Ss, Ss, Gs^Ft, Gs^Ft, Ss, Ss, Ss, Ss, Ss, Gg, Well Gg, Gg, Dd, Dd, Dd, Dd, Dd^Ftd, Dd^Ftd, Dd, Dd, Dd, Dd
Ss, Ss, Ss, Ss, Ss, Ss, Ss, Ss, Ss, Gg, Gg, Gg, Dd, Dd, Dd^Ftd, Dd, Dd, Dd, Dd, Dd, Hd, Hd
Ss, Ss, Ss, Ss, Gs^Ft, Gs^Ft, Gs^Ft, Gs^Ft, Ss, Gs^Ftp, Gs^Ftp, Gs^Ftp, Dd, Dd^Ftd, Dd, Dd^Ftd, Hd, Hd, Hd, Hd, Hd, Hd
Ss, Ss, Ss, Ss, Ss, Ss, Ss, Ss, Ss, Gs^Ftp, Gs^Ftp, Gs^Ftp, Dd, Dd, Dd, Dd, Hd, Hd, Hd, Hd, Hd, Hd
Ww, Ch, Ww, Ss, Ss, Ss, Ss, Ss, Ss, Gs^Ftp, Gs^Ftp, Gs^Ftp, Dd, Dd, Hd, Hd, Hd, Hd, Hd, Hd, Hd, Mdd
Ww, Ww^Bw|, Ww, Ss, Ww, Ss, Ss, Ss, Ss, Gs^Ftp, Gs^Ftp, Gs^Ftp, Dd, Dd, Hd, Hd, Hd, Hd, Mdd, Mdd, Mdd, Mdd
Ww, Ww^Bw|, Ww^Bw\, Ww, Ww^Bw/, Ch, Ww, Ss, Ss, Gs^Ftp, Gs^Ftp, Gs^Ftp, Dd, Dd, Hd, Hd, Hd, Mdd, Mdd, Mdd, Mdd, Mdd
Ww, Ww, Ww, Ww^Bw\r, Ww, Ww, Ww, Ss, Ss, Gs^Ftp, Gs^Ftp, Gs^Ftp, Dd, Dd, Hd, Mdd, Mdd, Mdd, Mdd, Mdd, Mdd, Mdd
Ww, Ww, Ww, Ww, Ww, Ww, Ww, Ww, Ww, Gs^Ftp, Gs^Ftp, Gs^Ftp, Hd, Dd, Gg, Mdd, Gg, Mdd, Mdd, Mdd, Mdd, Mdd
