Wo, Wo, Ww, Ww, Ai, Ms, Ms, Ms, Ql, Ql, Ql, Ql, Ql, Ql, Mm, Mm, Mm, Mm, Mm, Mm, Mm, Mm
Ww, Ww, Ai, Ai, Mm, Ms, Ms, Ms, Ha, Ql, Ql, Ql, Ql, Mm, Mm, Mm, Mm, Mm, Mm, Mm, Mm, Mm
Ai, Ai, Mm, Mm, Ms, Ms, Ha, Ha, Aa, Ql, Qlf, Ql, Hh, Hh, Hh, Mm, Mm, Mm, Mm, Mm, Mm, Mm
Ms, Mm, Ms, Ms, Ha, Ha, Aa, Aa, Aa, Uh, Mv, Uh, Gs^Fp, Hh, Hh, Hh, Hh, Mm, Mm, Mm, Mm, Mm
Ms, Ms, Ha, Ha, Aa, Aa, Aa^Fpa, Aa^Fda, Aa, Uh, Uh, Uh, Gs^Fp, Gs^Fp, Gs^Fp, Hh, Hh, Hh, Hh, Mm, Mm, Mm
Ha, Ha, Aa, Aa, Aa^Fpa, Aa^Fpa, Aa^Fpa, Aa^Fpa, Aa, Uu^Emf, Volcano Ur, Uu^Uf, Gs^Fp, Gs^Fp, Gs^Fp, Gs^Fp, Gs^Fp, Hh, Hh, Hh, Hh, Mm
Aa, Aa, Aa^Fda, Aa^Fda, Aa^Fpa, Aa^Fpa, Aa^Fpa, Aa^Fpa, Aa, Uu^Emf, Ur, Uu^Uf, Gs^Fp, Gs^Fp, Gs^Fp, Gs^Fp, Gs^Fp, Gs^Fp, Gs^Fp, Hh, Hh, Hh
Aa^Fda, Aa^Fda, Aa^Fpa, Aa^Fpa, Aa^Fpa, Aa^Fpa, Aa^Fpa, Aa^Fpa, Aa, Uu, Cave Uu^Vu, Uu, Gs^Fp, Gs^Fp, Gs^Fp, Gs^Fp, Gs^Fp, Gs^Fp, Gs^Fp, Gs^Fp, Gs^Fp, Hh
Aa, Aa^Fda, Aa^Fpa, Aa^Fpa, Aa^Fpa, Aa^Fpa, Winter Aa^Vha, Aa^Fpa, Aa, Uu, Ur, Uu, Skirmish Gs, Gs^Fp, Plain Gs^Ve, Gs^Fp, Gs^Fp, Gs^Fp, Gs^Fp, Gs^Fp, Gs^Fp, Gs^Fp
Aa, Aa, Aa, Aa, Aa, Aa, Aa, Re, Re, Gg, Rrc, Gg, Rr, Rr, Gs^Fp, Gs^Fp, Gs^Fp, Gs^Fp, Gs^Fp, Gs^Fp, Gs^Fp, Gs^Fp
Gg, Gg, Gg, Gg, Gg, Gg, Gg, Gg, Rp, Ch, 1 Kh, Ch, Rp, Gg, Gg, Gg, Gg, Gg, Gg, Gg, Gg, Gg
Ss, Gg, Ss, Gg, Ss, Gg, Ss, Gg, Rb, Ch, Rp, Ch, Rd, Gg, Dd, Gg, Dd, Gg, Dd, Gg, Ds, Gg
Ss, Ss, Gs^Ft, Ss, Ss, Ss, Marsh Ss^Vhs, Rb, WCII Gg, Gg, Gg, Gg, Sigurd Gg, Rd, Desert Dd^Vda, Dd, Dd^Ftd, Dd, Dd, Dd, Dd, Ds
Ss, Ss, Gs^Ft, Gs^Ft, Ss, Ss, Ss, Rb, Gg, Gg, Well Gg, Gg, Gg, Rd, Dd^Ftd, Dd^Ftd, Dd^Ftd, Dd^Ftd, Dd, Dd^Dc, Dd, Dd
Ss, Ss, Ss, Ss, Ss, Ss, Ss, Ss, Ss, Gg, Gg, Gg, Dd^Ftd, Dd^Ftd, Dd^Ftd, Dd^Do, Dd, Dd, Dd, Dd, Hd, Hd
Ss, Ss, Chs, Sm, Sm, Gs^Ft, Gs^Ft, Gs^Ft, Ss, Gs^Ftp, Gs^Ftp, Gs^Ftp, Dd, Dd^Ftd, Dd, Dd^Dc, Hd, Hd, Hd, Hd, Hd, Hd
Ss, Ss, Wwg^Bw|r, Sm, Sm, Sm, Sm, Ss, Ss, Gs^Ftp, Gs^Ftp, Gs^Ftp, Dd, Dd, Dd, Dd, Hd, Hd, Hd, Hd, Hd, Hd
Wwg, Wwg, Wwg^Bw\r, Wwg, Wwg, Sm, Chs, Ss, Ss, Gs^Ftp, Gs^Ftp, Gs^Ftp, Dd, Dd, Hd, Hd, Hd, Hd, Hd, Hd, Hd, Mdd
Wog, Wog, Wog, Wwg^Bw\r, Wwg^Bw/r, Wwg^Bw/r, Ss, Ss, Ss, Gs^Ftp, Gs^Ftp, Gs^Ftp, Ds, Dd, Hd, Hd, Hd, Hd, Mdd, Mdd, Mdd, Mdd
Wog, Wog, Wog, Wog, Wog, Wwg, Wwg, Wwg, Wwg, Ww, Ww, Ww, Ww, Ds, Hd, Hd, Hd, Mdd, Mdd, Mdd, Mdd, Mdd
Wog, Wog, Wog, Wog, Wog, Wog, Wog, Wog, Wog, Wo, Wo, Wo, Ww, Ds, Hd, Mdd, Mdd, Mdd, Mdd, Mdd, Mdd, Mdd
Wog, Wog, Wog, Wog, Wog, Wog, Wog, Wog, Wog, Wo, Wo, Wo, Wo, Ww, Gg, Mdd, Gg, Mdd, Mdd, Mdd, Mdd, Mdd
